[2026-10-09 05:25:41] [fold4/inference] command: /home/eva25/venvs/lymphoma_seg/bin/python "/mnt/c/Users/eva/Desktop/6th semester/Projects/manu/lymphoma-segmentation-dnn/segmentation/inference.py" --fold 4
[2026-10-09 05:25:41] [fold4/inference] working directory: /mnt/c/Users/eva/Desktop/6th semester/Projects/manu/experiments/unet_10ep/work
[2026-10-09 05:25:48] [fold4/inference] Using the unet model at epoch=10 with mean valid DSC = 0.4337
[2026-10-09 05:25:51] [fold4/inference] monai.transforms.io.dictionary LoadImaged.__init__:image_only: Current default value of argument `image_only=False` has been deprecated since version 1.1. It will be changed to `image_only=True` in version 1.3.
[2026-10-09 05:26:04] [fold4/inference] 2
[2026-10-09 05:26:04] [fold4/inference] Using a non-tuple sequence for multidimensional indexing is deprecated and will be changed in pytorch 2.9; use x[tuple(seq)] instead of x[seq]. In pytorch 2.9 this will be interpreted as tensor index, x[torch.tensor(seq)], which will result either in an error or a different result (Triggered internally at /pytorch/torch/csrc/autograd/python_variable_indexing.cpp:347.)
[2026-10-09 05:26:04] [fold4/inference] Using a non-tuple sequence for multidimensional indexing is deprecated and will be changed in pytorch 2.9; use x[tuple(seq)] instead of x[seq]. In pytorch 2.9 this will be interpreted as tensor index, x[torch.tensor(seq)], which will result either in an error or a different result (Triggered internally at /pytorch/torch/csrc/autograd/python_variable_indexing.cpp:347.)
[2026-10-09 05:26:06] [fold4/inference] 2026-10-09 05:26:06,086 INFO image_writer.py:197 - writing: results/predictions/fold4/unet/unet_fold4_randcrop192/PETCT_08212d7f6c_09-11-2003-NA-PET-CT Ganzkoerper  primaer mit KM-65721.nii.gz
[2026-10-09 05:26:07] [fold4/inference] 2
[2026-10-09 05:26:08] [fold4/inference] 2026-10-09 05:26:08,230 INFO image_writer.py:197 - writing: results/predictions/fold4/unet/unet_fold4_randcrop192/PETCT_0cda25453b_10-12-2003-NA-PET-CT Ganzkoerper  primaer mit KM-47333.nii.gz
[2026-10-09 05:26:11] [fold4/inference] 2
[2026-10-09 05:26:12] [fold4/inference] 2026-10-09 05:26:12,171 INFO image_writer.py:197 - writing: results/predictions/fold4/unet/unet_fold4_randcrop192/PETCT_0f4ee9e078_02-10-2005-NA-PET-CT Ganzkoerper  primaer mit KM-08757.nii.gz
[2026-10-09 05:26:13] [fold4/inference] 2
[2026-10-09 05:26:13] [fold4/inference] 2026-10-09 05:26:13,432 INFO image_writer.py:197 - writing: results/predictions/fold4/unet/unet_fold4_randcrop192/PETCT_16cdbc8689_07-15-2005-NA-PET-CT Ganzkoerper  primaer mit KM-33251.nii.gz
[2026-10-09 05:26:18] [fold4/inference] 2
[2026-10-09 05:26:19] [fold4/inference] 2026-10-09 05:26:19,312 INFO image_writer.py:197 - writing: results/predictions/fold4/unet/unet_fold4_randcrop192/PETCT_1956667fce_07-28-2005-NA-PET-CT Ganzkoerper  primaer mit KM-69901.nii.gz
[2026-10-09 05:26:20] [fold4/inference] 2
[2026-10-09 05:26:21] [fold4/inference] 2026-10-09 05:26:21,030 INFO image_writer.py:197 - writing: results/predictions/fold4/unet/unet_fold4_randcrop192/PETCT_1fc35d02da_08-09-2003-NA-PET-CT Ganzkoerper  primaer mit KM-36800.nii.gz
[2026-10-09 05:26:26] [fold4/inference] 2
[2026-10-09 05:26:27] [fold4/inference] 2026-10-09 05:26:27,410 INFO image_writer.py:197 - writing: results/predictions/fold4/unet/unet_fold4_randcrop192/PETCT_29ab45ef17_06-27-2002-NA-PET-CT Ganzkoerper  primaer mit KM-40288.nii.gz
[2026-10-09 05:26:28] [fold4/inference] 2
[2026-10-09 05:26:29] [fold4/inference] 2026-10-09 05:26:29,294 INFO image_writer.py:197 - writing: results/predictions/fold4/unet/unet_fold4_randcrop192/PETCT_2dc17aaeaf_07-01-2005-NA-PET-CT Ganzkoerper  primaer mit KM-40778.nii.gz
[2026-10-09 05:26:34] [fold4/inference] 2
[2026-10-09 05:26:35] [fold4/inference] 2026-10-09 05:26:35,711 INFO image_writer.py:197 - writing: results/predictions/fold4/unet/unet_fold4_randcrop192/PETCT_3d6f425a76_01-28-2002-NA-PET-CT Ganzkoerper  primaer mit KM-67631.nii.gz
[2026-10-09 05:26:36] [fold4/inference] 2
[2026-10-09 05:26:37] [fold4/inference] 2026-10-09 05:26:37,263 INFO image_writer.py:197 - writing: results/predictions/fold4/unet/unet_fold4_randcrop192/PETCT_3fd361ec14_10-24-2004-NA-PET-CT Ganzkoerper  primaer mit KM-79985.nii.gz
[2026-10-09 05:26:44] [fold4/inference] 2
[2026-10-09 05:26:45] [fold4/inference] 2026-10-09 05:26:45,920 INFO image_writer.py:197 - writing: results/predictions/fold4/unet/unet_fold4_randcrop192/PETCT_456d14846b_09-01-2003-NA-PET-CT Ganzkoerper  primaer mit KM-55189.nii.gz
[2026-10-09 05:26:47] [fold4/inference] 2
[2026-10-09 05:26:47] [fold4/inference] 2026-10-09 05:26:47,947 INFO image_writer.py:197 - writing: results/predictions/fold4/unet/unet_fold4_randcrop192/PETCT_49f3d297b0_07-24-2003-NA-PET-CT Ganzkoerper  primaer mit KM-42325.nii.gz
[2026-10-09 05:26:51] [fold4/inference] 2
[2026-10-09 05:26:52] [fold4/inference] 2026-10-09 05:26:52,136 INFO image_writer.py:197 - writing: results/predictions/fold4/unet/unet_fold4_randcrop192/PETCT_4a255db7bd_05-24-2003-NA-PET-CT Ganzkoerper  primaer mit KM-52913.nii.gz
[2026-10-09 05:26:52] [fold4/inference] 2
[2026-10-09 05:26:53] [fold4/inference] 2026-10-09 05:26:53,649 INFO image_writer.py:197 - writing: results/predictions/fold4/unet/unet_fold4_randcrop192/PETCT_510fb36781_02-06-2003-NA-PET-CT Ganzkoerper  primaer mit KM-07563.nii.gz
[2026-10-09 05:26:58] [fold4/inference] 2
[2026-10-09 05:26:58] [fold4/inference] 2026-10-09 05:26:58,725 INFO image_writer.py:197 - writing: results/predictions/fold4/unet/unet_fold4_randcrop192/PETCT_5ef99b0b6b_09-07-2000-NA-PET-CT Ganzkoerper  primaer mit KM-44649.nii.gz
[2026-10-09 05:26:59] [fold4/inference] 2
[2026-10-09 05:27:00] [fold4/inference] 2026-10-09 05:27:00,109 INFO image_writer.py:197 - writing: results/predictions/fold4/unet/unet_fold4_randcrop192/PETCT_6170317f2e_02-18-2000-NA-PET-CT Ganzkoerper  primaer mit KM-94274.nii.gz
[2026-10-09 05:27:06] [fold4/inference] 2
[2026-10-09 05:27:07] [fold4/inference] 2026-10-09 05:27:07,673 INFO image_writer.py:197 - writing: results/predictions/fold4/unet/unet_fold4_randcrop192/PETCT_62b114e09b_03-27-2003-NA-PET-CT Ganzkoerper  primaer mit KM-71302.nii.gz
[2026-10-09 05:27:08] [fold4/inference] 2
[2026-10-09 05:27:09] [fold4/inference] 2026-10-09 05:27:09,389 INFO image_writer.py:197 - writing: results/predictions/fold4/unet/unet_fold4_randcrop192/PETCT_790246c76c_02-07-2004-NA-PET-CT Ganzkoerper  primaer mit KM-97446.nii.gz
[2026-10-09 05:27:15] [fold4/inference] 2
[2026-10-09 05:27:15] [fold4/inference] 2026-10-09 05:27:15,957 INFO image_writer.py:197 - writing: results/predictions/fold4/unet/unet_fold4_randcrop192/PETCT_8de6953d23_01-19-2001-NA-PET-CT Ganzkoerper  primaer mit KM-85501.nii.gz
[2026-10-09 05:27:17] [fold4/inference] 2
[2026-10-09 05:27:17] [fold4/inference] 2026-10-09 05:27:17,993 INFO image_writer.py:197 - writing: results/predictions/fold4/unet/unet_fold4_randcrop192/PETCT_9f206193d3_04-07-2003-NA-PET-CT Ganzkoerper  primaer mit KM-98703.nii.gz
[2026-10-09 05:27:22] [fold4/inference] 2
[2026-10-09 05:27:23] [fold4/inference] 2026-10-09 05:27:23,206 INFO image_writer.py:197 - writing: results/predictions/fold4/unet/unet_fold4_randcrop192/PETCT_9ffd8409b3_07-15-2005-NA-PET-CT Ganzkoerper  primaer mit KM-58670.nii.gz
[2026-10-09 05:27:23] [fold4/inference] 2
[2026-10-09 05:27:24] [fold4/inference] 2026-10-09 05:27:24,928 INFO image_writer.py:197 - writing: results/predictions/fold4/unet/unet_fold4_randcrop192/PETCT_a7b323b3fd_04-01-2005-NA-PET-CT Ganzkoerper  primaer mit KM-97322.nii.gz
[2026-10-09 05:27:29] [fold4/inference] 2
[2026-10-09 05:27:30] [fold4/inference] 2026-10-09 05:27:30,541 INFO image_writer.py:197 - writing: results/predictions/fold4/unet/unet_fold4_randcrop192/PETCT_ae3074834a_07-26-2003-NA-PET-CT Ganzkoerper  primaer mit KM-46217.nii.gz
[2026-10-09 05:27:31] [fold4/inference] 2
[2026-10-09 05:27:32] [fold4/inference] 2026-10-09 05:27:32,347 INFO image_writer.py:197 - writing: results/predictions/fold4/unet/unet_fold4_randcrop192/PETCT_b7c1533a39_02-12-2005-NA-PET-CT Ganzkoerper  primaer mit KM-24066.nii.gz
[2026-10-09 05:27:39] [fold4/inference] 2
[2026-10-09 05:27:40] [fold4/inference] 2026-10-09 05:27:40,170 INFO image_writer.py:197 - writing: results/predictions/fold4/unet/unet_fold4_randcrop192/PETCT_c898e2abcb_12-10-2004-NA-PET-CT Ganzkoerper  primaer mit KM-38964.nii.gz
[2026-10-09 05:27:41] [fold4/inference] 2
[2026-10-09 05:27:42] [fold4/inference] 2026-10-09 05:27:42,030 INFO image_writer.py:197 - writing: results/predictions/fold4/unet/unet_fold4_randcrop192/PETCT_e69152b6b4_01-26-2004-NA-PET-CT Ganzkoerper  primaer mit KM-31607.nii.gz
[2026-10-09 05:27:46] [fold4/inference] 2
[2026-10-09 05:27:46] [fold4/inference] 2026-10-09 05:27:46,921 INFO image_writer.py:197 - writing: results/predictions/fold4/unet/unet_fold4_randcrop192/PETCT_e77124b7f4_09-29-2005-NA-PET-CT Ganzkoerper  primaer mit KM-55351.nii.gz
[2026-10-09 05:27:47] [fold4/inference] 2
[2026-10-09 05:27:48] [fold4/inference] 2026-10-09 05:27:48,747 INFO image_writer.py:197 - writing: results/predictions/fold4/unet/unet_fold4_randcrop192/PETCT_ea0fd89f0f_10-25-2003-NA-PET-CT Ganzkoerper  primaer mit KM-32502.nii.gz
[2026-10-09 05:27:50] [fold4/inference] exit code: 0
