[2026-10-07 20:27:31] [fold0/train] command: /home/eva25/venvs/lymphoma_seg/bin/torchrun --standalone --nproc_per_node=1 "/mnt/c/Users/eva/Desktop/6th semester/Projects/manu/lymphoma-segmentation-dnn/segmentation/trainddp.py" --fold 0 --epochs 10 --num_workers 6
[2026-10-07 20:27:31] [fold0/train] working directory: /mnt/c/Users/eva/Desktop/6th semester/Projects/manu/experiments/unet_10ep/work
[2026-10-07 20:27:36] [fold0/train] Training unet on fold 0
[2026-10-07 20:27:36] [fold0/train] The models will be saved in results/models/fold0/unet/unet_fold0_randcrop192
[2026-10-07 20:27:36] [fold0/train] The training/validation logs will be saved in results/logs/fold0/unet/unet_fold0_randcrop192
[2026-10-07 20:27:36] [fold0/train] monai.transforms.io.dictionary LoadImaged.__init__:image_only: Current default value of argument `image_only=False` has been deprecated since version 1.1. It will be changed to `image_only=True` in version 1.3.
[2026-10-07 20:27:38] [fold0/train] tqdm is not installed, will not show the caching progress bar.
[2026-10-07 20:28:23] [fold0/train] [GPU0]: Running training: epoch = 1
[2026-10-07 20:32:04] [fold0/train] [GPU:0]: epoch 1/10: average loss: 0.5956
[2026-10-07 20:32:04] [fold0/train] [GPU:0]: Epoch 1 time: 3.68 min
[2026-10-07 20:32:04] [fold0/train] [GPU0]: Running training: epoch = 2
[2026-10-07 20:35:32] [fold0/train] [GPU:0]: epoch 2/10: average loss: 0.5441
[2026-10-07 20:35:32] [fold0/train] [GPU0]: Running validation
[2026-10-07 20:35:41] [fold0/train] Using a non-tuple sequence for multidimensional indexing is deprecated and will be changed in pytorch 2.9; use x[tuple(seq)] instead of x[seq]. In pytorch 2.9 this will be interpreted as tensor index, x[torch.tensor(seq)], which will result either in an error or a different result (Triggered internally at /pytorch/torch/csrc/autograd/python_variable_indexing.cpp:347.)
[2026-10-07 20:36:00] [fold0/train] Using a non-tuple sequence for multidimensional indexing is deprecated and will be changed in pytorch 2.9; use x[tuple(seq)] instead of x[seq]. In pytorch 2.9 this will be interpreted as tensor index, x[torch.tensor(seq)], which will result either in an error or a different result (Triggered internally at /pytorch/torch/csrc/autograd/python_variable_indexing.cpp:347.)
[2026-10-07 20:36:51] [fold0/train] [GPU:0] SAVING MODEL at epoch: 2; Mean DSC: 0.1500
[2026-10-07 20:36:52] [fold0/train] [GPU:0]: Epoch 2 time: 4.8 min
[2026-10-07 20:36:52] [fold0/train] [GPU0]: Running training: epoch = 3
[2026-10-07 20:40:19] [fold0/train] [GPU:0]: epoch 3/10: average loss: 0.5149
[2026-10-07 20:40:19] [fold0/train] [GPU:0]: Epoch 3 time: 3.45 min
[2026-10-07 20:40:19] [fold0/train] [GPU0]: Running training: epoch = 4
[2026-10-07 20:45:44] [fold0/train] [GPU:0]: epoch 4/10: average loss: 0.4917
[2026-10-07 20:45:44] [fold0/train] [GPU0]: Running validation
[2026-10-07 20:47:12] [fold0/train] [GPU:0] SAVING MODEL at epoch: 4; Mean DSC: 0.1719
[2026-10-07 20:47:13] [fold0/train] [GPU:0]: Epoch 4 time: 6.9 min
[2026-10-07 20:47:13] [fold0/train] [GPU0]: Running training: epoch = 5
[2026-10-07 20:51:16] [fold0/train] [GPU:0]: epoch 5/10: average loss: 0.4741
[2026-10-07 20:51:16] [fold0/train] [GPU:0]: Epoch 5 time: 4.05 min
[2026-10-07 20:51:16] [fold0/train] [GPU0]: Running training: epoch = 6
[2026-10-07 20:56:51] [fold0/train] [GPU:0]: epoch 6/10: average loss: 0.4614
[2026-10-07 20:56:51] [fold0/train] [GPU0]: Running validation
[2026-10-07 20:58:29] [fold0/train] [GPU:0] SAVING MODEL at epoch: 6; Mean DSC: 0.1653
[2026-10-07 20:58:30] [fold0/train] [GPU:0]: Epoch 6 time: 7.24 min
[2026-10-07 20:58:30] [fold0/train] [GPU0]: Running training: epoch = 7
[2026-10-07 21:04:03] [fold0/train] [GPU:0]: epoch 7/10: average loss: 0.4342
[2026-10-07 21:04:03] [fold0/train] [GPU:0]: Epoch 7 time: 5.55 min
[2026-10-07 21:04:03] [fold0/train] [GPU0]: Running training: epoch = 8
[2026-10-07 21:15:05] [fold0/train] [GPU:0]: epoch 8/10: average loss: 0.4288
[2026-10-07 21:15:05] [fold0/train] [GPU0]: Running validation
[2026-10-07 21:16:49] [fold0/train] [GPU:0] SAVING MODEL at epoch: 8; Mean DSC: 0.2154
[2026-10-07 21:16:50] [fold0/train] [GPU:0]: Epoch 8 time: 12.78 min
[2026-10-07 21:16:50] [fold0/train] [GPU0]: Running training: epoch = 9
[2026-10-07 21:23:15] [fold0/train] [GPU:0]: epoch 9/10: average loss: 0.4215
[2026-10-07 21:23:15] [fold0/train] [GPU:0]: Epoch 9 time: 6.42 min
[2026-10-07 21:23:15] [fold0/train] [GPU0]: Running training: epoch = 10
[2026-10-07 21:29:27] [fold0/train] [GPU:0]: epoch 10/10: average loss: 0.4126
[2026-10-07 21:29:27] [fold0/train] [GPU0]: Running validation
[2026-10-07 21:31:09] [fold0/train] [GPU:0] SAVING MODEL at epoch: 10; Mean DSC: 0.2714
[2026-10-07 21:31:11] [fold0/train] [GPU:0]: Epoch 10 time: 7.93 min
[2026-10-07 21:31:11] [fold0/train] [GPU:0]: Total time: 1.05 hr
[2026-10-07 21:31:37] [fold0/train] exit code: 0
