[2026-10-07 21:34:26] [fold0/metrics] command: /home/eva25/venvs/lymphoma_seg/bin/python "/mnt/c/Users/eva/Desktop/6th semester/Projects/manu/lymphoma-segmentation-dnn/segmentation/calculate_test_metrics.py" --fold 0
[2026-10-07 21:34:26] [fold0/metrics] working directory: /mnt/c/Users/eva/Desktop/6th semester/Projects/manu/experiments/unet_10ep/work
[2026-10-07 21:38:15] [fold0/metrics] PETCT_0223010e46_09-04-2003-NA-PET-CT Ganzkoerper  primaer mit KM-25360: DSC = 0.0
[2026-10-07 21:38:15] [fold0/metrics] FPV = 1400.6723 ml
[2026-10-07 21:38:15] [fold0/metrics] FNV = 0.0995 ml
[2026-10-07 21:46:37] [fold0/metrics] PETCT_07574bfa00_04-20-2003-NA-PET-CT Ganzkoerper  primaer mit KM-91235: DSC = 0.6715
[2026-10-07 21:46:37] [fold0/metrics] FPV = 365.654 ml
[2026-10-07 21:46:37] [fold0/metrics] FNV = 0.3359 ml
[2026-10-07 22:01:23] [fold0/metrics] PETCT_08cdb15e0b_11-21-2003-NA-PET-CT Ganzkoerper  primaer mit KM-47234: DSC = 0.0952
[2026-10-07 22:01:23] [fold0/metrics] FPV = 702.1961 ml
[2026-10-07 22:01:23] [fold0/metrics] FNV = 1.045 ml
[2026-10-07 22:06:42] [fold0/metrics] PETCT_0f44cec2e6_09-07-2003-NA-PET-CT Ganzkoerper  primaer mit KM-99224: DSC = 0.0
[2026-10-07 22:06:42] [fold0/metrics] FPV = 388.8068 ml
[2026-10-07 22:06:42] [fold0/metrics] FNV = 5.6482 ml
[2026-10-07 22:08:25] [fold0/metrics] PETCT_108c1763d4_09-30-2004-NA-PET-CT Ganzkoerper  primaer mit KM-86848: DSC = 0.0964
[2026-10-07 22:08:25] [fold0/metrics] FPV = 426.5155 ml
[2026-10-07 22:08:25] [fold0/metrics] FNV = 0.0124 ml
[2026-10-07 22:14:56] [fold0/metrics] PETCT_11e258cc1f_03-06-2003-NA-PET-CT Ganzkoerper  primaer mit KM-87979: DSC = 0.3807
[2026-10-07 22:14:56] [fold0/metrics] FPV = 668.3192 ml
[2026-10-07 22:14:56] [fold0/metrics] FNV = 0.0 ml
[2026-10-07 22:20:37] [fold0/metrics] PETCT_15f4b7254f_07-18-2003-NA-PET-CT Ganzkoerper  primaer mit KM-44296: DSC = 0.2901
[2026-10-07 22:20:37] [fold0/metrics] FPV = 625.5843 ml
[2026-10-07 22:20:37] [fold0/metrics] FNV = 0.6345 ml
[2026-10-07 22:23:58] [fold0/metrics] PETCT_15f4b7254f_10-11-2003-NA-PET-CT Ganzkoerper  primaer mit KM-99526: DSC = 0.0004
[2026-10-07 22:23:58] [fold0/metrics] FPV = 789.1713 ml
[2026-10-07 22:23:58] [fold0/metrics] FNV = 0.0 ml
[2026-10-07 23:52:48] [fold0/metrics] PETCT_2b60c8135a_12-09-2005-NA-PET-CT Ganzkoerper  primaer mit KM-49696: DSC = 0.673
[2026-10-07 23:52:48] [fold0/metrics] FPV = 462.8308 ml
[2026-10-07 23:52:48] [fold0/metrics] FNV = 8.7709 ml
[2026-10-07 23:57:54] [fold0/metrics] PETCT_4076ea9a15_04-29-2005-NA-PET-CT Ganzkoerper  primaer mit KM-17567: DSC = 0.0002
[2026-10-07 23:57:54] [fold0/metrics] FPV = 1628.0942 ml
[2026-10-07 23:57:54] [fold0/metrics] FNV = 0.0124 ml
[2026-10-08 00:16:40] [fold0/metrics] PETCT_5cf118ac06_02-28-2004-NA-PET-CT Ganzkoerper  primaer mit KM-95778: DSC = 0.4677
[2026-10-08 00:16:40] [fold0/metrics] FPV = 805.1331 ml
[2026-10-08 00:16:40] [fold0/metrics] FNV = 2.8366 ml
[2026-10-08 00:52:12] [fold0/metrics] PETCT_61348439bf_07-24-2005-NA-PET-CT Ganzkoerper  primaer mit KM-57273: DSC = 0.072
[2026-10-08 00:52:12] [fold0/metrics] FPV = 468.1805 ml
[2026-10-08 00:52:12] [fold0/metrics] FNV = 3.1351 ml
[2026-10-08 01:00:52] [fold0/metrics] PETCT_62405d117c_03-11-2001-NA-PET-CT Ganzkoerper  primaer mit KM-26235: DSC = 0.2449
[2026-10-08 01:00:52] [fold0/metrics] FPV = 711.0043 ml
[2026-10-08 01:00:52] [fold0/metrics] FNV = 0.0124 ml
