[2026-10-09 04:16:06] [fold4/train] command: /home/eva25/venvs/lymphoma_seg/bin/torchrun --standalone --nproc_per_node=1 "/mnt/c/Users/eva/Desktop/6th semester/Projects/manu/lymphoma-segmentation-dnn/segmentation/trainddp.py" --fold 4 --epochs 10 --num_workers 6
[2026-10-09 04:16:06] [fold4/train] working directory: /mnt/c/Users/eva/Desktop/6th semester/Projects/manu/experiments/unet_10ep/work
[2026-10-09 04:16:12] [fold4/train] Training unet on fold 4
[2026-10-09 04:16:12] [fold4/train] The models will be saved in results/models/fold4/unet/unet_fold4_randcrop192
[2026-10-09 04:16:12] [fold4/train] The training/validation logs will be saved in results/logs/fold4/unet/unet_fold4_randcrop192
[2026-10-09 04:16:12] [fold4/train] monai.transforms.io.dictionary LoadImaged.__init__:image_only: Current default value of argument `image_only=False` has been deprecated since version 1.1. It will be changed to `image_only=True` in version 1.3.
[2026-10-09 04:16:14] [fold4/train] tqdm is not installed, will not show the caching progress bar.
[2026-10-09 04:17:10] [fold4/train] [GPU0]: Running training: epoch = 1
[2026-10-09 04:21:29] [fold4/train] [GPU:0]: epoch 1/10: average loss: 0.6291
[2026-10-09 04:21:29] [fold4/train] [GPU:0]: Epoch 1 time: 4.33 min
[2026-10-09 04:21:29] [fold4/train] [GPU0]: Running training: epoch = 2
[2026-10-09 04:25:40] [fold4/train] [GPU:0]: epoch 2/10: average loss: 0.5680
[2026-10-09 04:25:40] [fold4/train] [GPU0]: Running validation
[2026-10-09 04:25:45] [fold4/train] Using a non-tuple sequence for multidimensional indexing is deprecated and will be changed in pytorch 2.9; use x[tuple(seq)] instead of x[seq]. In pytorch 2.9 this will be interpreted as tensor index, x[torch.tensor(seq)], which will result either in an error or a different result (Triggered internally at /pytorch/torch/csrc/autograd/python_variable_indexing.cpp:347.)
[2026-10-09 04:26:05] [fold4/train] Using a non-tuple sequence for multidimensional indexing is deprecated and will be changed in pytorch 2.9; use x[tuple(seq)] instead of x[seq]. In pytorch 2.9 this will be interpreted as tensor index, x[torch.tensor(seq)], which will result either in an error or a different result (Triggered internally at /pytorch/torch/csrc/autograd/python_variable_indexing.cpp:347.)
[2026-10-09 04:27:08] [fold4/train] [GPU:0] SAVING MODEL at epoch: 2; Mean DSC: 0.0320
[2026-10-09 04:27:09] [fold4/train] [GPU:0]: Epoch 2 time: 5.66 min
[2026-10-09 04:27:09] [fold4/train] [GPU0]: Running training: epoch = 3
[2026-10-09 04:33:07] [fold4/train] [GPU:0]: epoch 3/10: average loss: 0.5305
[2026-10-09 04:33:07] [fold4/train] [GPU:0]: Epoch 3 time: 5.97 min
[2026-10-09 04:33:07] [fold4/train] [GPU0]: Running training: epoch = 4
[2026-10-09 04:39:07] [fold4/train] [GPU:0]: epoch 4/10: average loss: 0.5069
[2026-10-09 04:39:07] [fold4/train] [GPU0]: Running validation
[2026-10-09 04:42:07] [fold4/train] [GPU:0] SAVING MODEL at epoch: 4; Mean DSC: 0.0555
[2026-10-09 04:42:08] [fold4/train] [GPU:0]: Epoch 4 time: 9.01 min
[2026-10-09 04:42:08] [fold4/train] [GPU0]: Running training: epoch = 5
[2026-10-09 04:47:58] [fold4/train] [GPU:0]: epoch 5/10: average loss: 0.4740
[2026-10-09 04:47:58] [fold4/train] [GPU:0]: Epoch 5 time: 5.83 min
[2026-10-09 04:47:58] [fold4/train] [GPU0]: Running training: epoch = 6
[2026-10-09 04:54:41] [fold4/train] [GPU:0]: epoch 6/10: average loss: 0.4303
[2026-10-09 04:54:41] [fold4/train] [GPU0]: Running validation
[2026-10-09 04:57:31] [fold4/train] [GPU:0] SAVING MODEL at epoch: 6; Mean DSC: 0.2040
[2026-10-09 04:57:33] [fold4/train] [GPU:0]: Epoch 6 time: 9.58 min
[2026-10-09 04:57:33] [fold4/train] [GPU0]: Running training: epoch = 7
[2026-10-09 05:03:26] [fold4/train] [GPU:0]: epoch 7/10: average loss: 0.4042
[2026-10-09 05:03:27] [fold4/train] [GPU:0]: Epoch 7 time: 5.9 min
[2026-10-09 05:03:27] [fold4/train] [GPU0]: Running training: epoch = 8
[2026-10-09 05:08:54] [fold4/train] [GPU:0]: epoch 8/10: average loss: 0.3823
[2026-10-09 05:08:54] [fold4/train] [GPU0]: Running validation
[2026-10-09 05:12:15] [fold4/train] [GPU:0] SAVING MODEL at epoch: 8; Mean DSC: 0.3635
[2026-10-09 05:12:17] [fold4/train] [GPU:0]: Epoch 8 time: 8.84 min
[2026-10-09 05:12:17] [fold4/train] [GPU0]: Running training: epoch = 9
[2026-10-09 05:17:10] [fold4/train] [GPU:0]: epoch 9/10: average loss: 0.3543
[2026-10-09 05:17:10] [fold4/train] [GPU:0]: Epoch 9 time: 4.89 min
[2026-10-09 05:17:10] [fold4/train] [GPU0]: Running training: epoch = 10
[2026-10-09 05:22:05] [fold4/train] [GPU:0]: epoch 10/10: average loss: 0.3463
[2026-10-09 05:22:05] [fold4/train] [GPU0]: Running validation
[2026-10-09 05:25:03] [fold4/train] [GPU:0] SAVING MODEL at epoch: 10; Mean DSC: 0.4337
[2026-10-09 05:25:04] [fold4/train] [GPU:0]: Epoch 10 time: 7.9 min
[2026-10-09 05:25:04] [fold4/train] [GPU:0]: Total time: 1.13 hr
[2026-10-09 05:25:40] [fold4/train] exit code: 0
