[2026-10-09 00:47:02] [fold1/train] command: /home/eva25/venvs/lymphoma_seg/bin/torchrun --standalone --nproc_per_node=1 "/mnt/c/Users/eva/Desktop/6th semester/Projects/manu/lymphoma-segmentation-dnn/segmentation/trainddp.py" --fold 1 --epochs 10 --num_workers 6
[2026-10-09 00:47:02] [fold1/train] working directory: /mnt/c/Users/eva/Desktop/6th semester/Projects/manu/experiments/unet_10ep/work
[2026-10-09 00:47:07] [fold1/train] Training unet on fold 1
[2026-10-09 00:47:07] [fold1/train] The models will be saved in results/models/fold1/unet/unet_fold1_randcrop192
[2026-10-09 00:47:07] [fold1/train] The training/validation logs will be saved in results/logs/fold1/unet/unet_fold1_randcrop192
[2026-10-09 00:47:07] [fold1/train] monai.transforms.io.dictionary LoadImaged.__init__:image_only: Current default value of argument `image_only=False` has been deprecated since version 1.1. It will be changed to `image_only=True` in version 1.3.
[2026-10-09 00:47:09] [fold1/train] tqdm is not installed, will not show the caching progress bar.
[2026-10-09 00:48:00] [fold1/train] [GPU0]: Running training: epoch = 1
[2026-10-09 00:51:56] [fold1/train] [GPU:0]: epoch 1/10: average loss: 0.6026
[2026-10-09 00:51:56] [fold1/train] [GPU:0]: Epoch 1 time: 3.92 min
[2026-10-09 00:51:56] [fold1/train] [GPU0]: Running training: epoch = 2
[2026-10-09 00:55:42] [fold1/train] [GPU:0]: epoch 2/10: average loss: 0.5512
[2026-10-09 00:55:42] [fold1/train] [GPU0]: Running validation
[2026-10-09 00:55:44] [fold1/train] Using a non-tuple sequence for multidimensional indexing is deprecated and will be changed in pytorch 2.9; use x[tuple(seq)] instead of x[seq]. In pytorch 2.9 this will be interpreted as tensor index, x[torch.tensor(seq)], which will result either in an error or a different result (Triggered internally at /pytorch/torch/csrc/autograd/python_variable_indexing.cpp:347.)
[2026-10-09 00:56:06] [fold1/train] Using a non-tuple sequence for multidimensional indexing is deprecated and will be changed in pytorch 2.9; use x[tuple(seq)] instead of x[seq]. In pytorch 2.9 this will be interpreted as tensor index, x[torch.tensor(seq)], which will result either in an error or a different result (Triggered internally at /pytorch/torch/csrc/autograd/python_variable_indexing.cpp:347.)
[2026-10-09 00:56:50] [fold1/train] [GPU:0] SAVING MODEL at epoch: 2; Mean DSC: 0.1754
[2026-10-09 00:56:51] [fold1/train] [GPU:0]: Epoch 2 time: 4.92 min
[2026-10-09 00:56:51] [fold1/train] [GPU0]: Running training: epoch = 3
[2026-10-09 01:01:01] [fold1/train] [GPU:0]: epoch 3/10: average loss: 0.5182
[2026-10-09 01:01:01] [fold1/train] [GPU:0]: Epoch 3 time: 4.18 min
[2026-10-09 01:01:01] [fold1/train] [GPU0]: Running training: epoch = 4
[2026-10-09 01:05:00] [fold1/train] [GPU:0]: epoch 4/10: average loss: 0.4911
[2026-10-09 01:05:00] [fold1/train] [GPU0]: Running validation
[2026-10-09 01:06:01] [fold1/train] [GPU:0] SAVING MODEL at epoch: 4; Mean DSC: 0.2115
[2026-10-09 01:06:02] [fold1/train] [GPU:0]: Epoch 4 time: 5.01 min
[2026-10-09 01:06:02] [fold1/train] [GPU0]: Running training: epoch = 5
[2026-10-09 01:10:00] [fold1/train] [GPU:0]: epoch 5/10: average loss: 0.4718
[2026-10-09 01:10:00] [fold1/train] [GPU:0]: Epoch 5 time: 3.97 min
[2026-10-09 01:10:00] [fold1/train] [GPU0]: Running training: epoch = 6
[2026-10-09 01:14:10] [fold1/train] [GPU:0]: epoch 6/10: average loss: 0.4534
[2026-10-09 01:14:10] [fold1/train] [GPU0]: Running validation
[2026-10-09 01:15:13] [fold1/train] [GPU:0] SAVING MODEL at epoch: 6; Mean DSC: 0.2038
[2026-10-09 01:15:14] [fold1/train] [GPU:0]: Epoch 6 time: 5.23 min
[2026-10-09 01:15:14] [fold1/train] [GPU0]: Running training: epoch = 7
[2026-10-09 01:19:28] [fold1/train] [GPU:0]: epoch 7/10: average loss: 0.4420
[2026-10-09 01:19:28] [fold1/train] [GPU:0]: Epoch 7 time: 4.23 min
[2026-10-09 01:19:28] [fold1/train] [GPU0]: Running training: epoch = 8
[2026-10-09 01:23:31] [fold1/train] [GPU:0]: epoch 8/10: average loss: 0.4272
[2026-10-09 01:23:31] [fold1/train] [GPU0]: Running validation
[2026-10-09 01:24:35] [fold1/train] [GPU:0] SAVING MODEL at epoch: 8; Mean DSC: 0.2600
[2026-10-09 01:24:37] [fold1/train] [GPU:0]: Epoch 8 time: 5.14 min
[2026-10-09 01:24:37] [fold1/train] [GPU0]: Running training: epoch = 9
[2026-10-09 01:29:11] [fold1/train] [GPU:0]: epoch 9/10: average loss: 0.4280
[2026-10-09 01:29:11] [fold1/train] [GPU:0]: Epoch 9 time: 4.57 min
[2026-10-09 01:29:11] [fold1/train] [GPU0]: Running training: epoch = 10
[2026-10-09 01:35:00] [fold1/train] [GPU:0]: epoch 10/10: average loss: 0.4212
[2026-10-09 01:35:00] [fold1/train] [GPU0]: Running validation
[2026-10-09 01:36:27] [fold1/train] [GPU:0] SAVING MODEL at epoch: 10; Mean DSC: 0.2936
[2026-10-09 01:36:29] [fold1/train] [GPU:0]: Epoch 10 time: 7.3 min
[2026-10-09 01:36:29] [fold1/train] [GPU:0]: Total time: 0.81 hr
[2026-10-09 01:37:06] [fold1/train] exit code: 0
